type	mean	median	std dev	variance	minimum	maximum
spike:	7951050895.28	7747097920.0	901301944.7035671	8.12345195526432e+17	6337058428	9987894305
spike-notags:	15333707838.59	14958952222.0	1649752659.4071352	2.721683837220915e+18	12618508482	19697998595
spike-tags:	26311645870.8	26491911571.0	2715676180.827892	7.374897119115963e+18	21739164305	34775990247
