type	mean	median	std dev	variance	minimum	maximum
spike:	7114710.52	6656734.0	1324128.0578879302	1753315113686.0615	5379847	14639634
spike-notags:	9077560.224	8494534.5	1631849.648869446	2662933276515.334	7071705	18434518
spike-tags:	0	0	0	0	0	0
