type	mean	median	std dev	variance	minimum	maximum
spike:	7488249.918	7011380.0	1563540.1191702038	2444657704254.7754	5693945	16713012
spike-notags:	9568529.962	9146903.0	1708388.6705127766	2918591849536.4126	7186100	21878180
spike-tags:	0	0	0	0	0	0
