type	mean	median	std dev	variance	minimum	maximum
spike:	4593141.888	4547132.5	368831.5871842533	136036739704.85545	4101990	10261376
spike-notags:	6043581.398	5977804.5	441849.60379940097	195231072377.6876	5373054	9904279
spike-tags:	8657208.41	8623830.5	403573.1504356427	162871287752.5499	7767196	11479652
