type	mean	median	std dev	variance	minimum	maximum
spike:	9203706.44	7800354.5	3116330.219603362	9711514037613.139	6369153	31735805
spike-notags:	11710555.904	9931872.5	3801911.195083564	14454528735301.734	7869573	31654526
spike-tags:	16115153.07	14598343.0	4225396.581400186	17853976270108.38	11458513	46773499
