type	mean	median	std dev	variance	minimum	maximum
spike:	8071126.172	7243859.0	2229654.1330377837	4971357552972.471	5691100	20409921
spike-notags:	10405903.798	9397557.5	2859908.1481405175	8179074615800.525	7357637	26650645
spike-tags:	14780080.49	13659152.5	3880978.1122147897	15061991107490.273	10691692	41680979
