type	mean	median	std dev	variance	minimum	maximum
spike:	4876956.382	4541359.5	999273.879483782	998548286218.5681	4094098	12016702
spike-notags:	6308623.262	5967635.5	975281.6646534627	951174325409.2294	5549382	13618820
spike-tags:	9152268.66	8605237.0	1403405.080330437	1969545819497.2805	7919039	17448657
