type	mean	median	std dev	variance	minimum	maximum
spike:	7652980.612	7017720.0	1766916.1927453757	3121992832185.8135	5670706	16065440
spike-notags:	9754908.614	8995440.0	2073054.2409223355	4297553885806.081	7396518	23768978
spike-tags:	14016456.232	13189495.0	2451377.119987429	6009249784397.862	10809609	27895042
