type	mean	median	std dev	variance	minimum	maximum
spike:	5620605.124	5112934.5	1544384.4400948854	2385123298807.193	4080062	12241767
spike-notags:	7506056.794	6769573.5	2088771.5269429167	4362966491767.4434	5379312	16245655
spike-tags:	10353121.912	9731183.0	2297214.036178846	5277192328017.1045	7991883	26835624
