type	mean	median	std dev	variance	minimum	maximum
spike:	5101170953.57	5155112935.0	447716779.9202236	2.0045031502213392e+17	4110328052	6487712599
spike-notags:	9777682603.59	9953806827.5	782495702.7416795	6.12299524809195e+17	7717113029	12553771840
spike-tags:	16903123801.88	16987941961.5	1265225535.248321	1.6007956550444006e+18	14023758184	21121776573
