type	mean	median	std dev	variance	minimum	maximum
spike:	7126775.974	6666756.0	1348754.7324261684	1819139328241.9854	5988684	15310306
spike-notags:	9084142.462	8538682.0	1483520.224562943	2200832256687.2847	7658875	18841085
spike-tags:	13306500.744	12626867.5	1805483.7656042268	3259771627860.4185	11436143	27559590
