type	mean	median	std dev	variance	minimum	maximum
spike:	6629205.984	5997107.0	1511411.1803573372	2284363756109.1597	5229457	16522108
spike-notags:	8450103.926	7720740.0	1750672.208114321	3064853180263.8726	6907882	18100221
spike-tags:	11961765.746	11164619.0	1801238.4557688807	3244459974540.6616	10003534	22282400
