type	mean	median	std dev	variance	minimum	maximum
spike:	4871135.072	4555671.0	797752.2119087297	636408591605.2709	4178365	10988791
spike-notags:	6301709.328	5938600.5	903912.7136751028	817058193943.4884	5335563	11311387
spike-tags:	9840316.292	9394320.0	1119071.4610231388	1252320934876.4626	8502487	14553716
