type	mean	median	std dev	variance	minimum	maximum
spike:	4703975.004	4627507.5	560459.8421175741	314115234626.456	4136904	10425433
spike-notags:	6216453.62	6102638.0	741922.9053591752	550449597496.5996	5543776	13666318
spike-tags:	0	0	0	0	0	0
